[INFO] Scanning for projects...
[INFO] 
[INFO] --------------------------< com.nhom6:foodx >---------------------------
[INFO] Building foodx 0.0.1-SNAPSHOT
[INFO]   from pom.xml
[INFO] --------------------------------[ jar ]---------------------------------
[INFO] 
[INFO] >>> spring-boot:4.1.0:run (default-cli) > test-compile @ foodx >>>
[INFO] 
[INFO] --- resources:3.5.0:resources (default-resources) @ foodx ---
[INFO] Copying 4 resources from src\main\resources to target\classes
[INFO] Copying 5 resources from src\main\resources to target\classes
[INFO] 
[INFO] --- compiler:3.15.0:compile (default-compile) @ foodx ---
[INFO] Nothing to compile - all classes are up to date.
[INFO] 
[INFO] --- resources:3.5.0:testResources (default-testResources) @ foodx ---
[INFO] skip non existing resourceDirectory D:\du_an_ca_nhan\foodx\src\test\resources
[INFO] 
[INFO] --- compiler:3.15.0:testCompile (default-testCompile) @ foodx ---
[INFO] Nothing to compile - all classes are up to date.
[INFO] 
[INFO] <<< spring-boot:4.1.0:run (default-cli) < test-compile @ foodx <<<
[INFO] 
[INFO] 
[INFO] --- spring-boot:4.1.0:run (default-cli) @ foodx ---
[INFO] Attaching agents: []

  .   ____          _            __ _ _
 /\\ / ___'_ __ _ _(_)_ __  __ _ \ \ \ \
( ( )\___ | '_ | '_| | '_ \/ _` | \ \ \ \
 \\/  ___)| |_)| | | | | || (_| |  ) ) ) )
  '  |____| .__|_| |_|_| |_\__, | / / / /
 =========|_|==============|___/=/_/_/_/

 :: Spring Boot ::                (v4.1.0)

2026-08-17T23:24:48.354+07:00  INFO 688 --- [foodx-ai-test] [           main] com.nhom6.foodx.FoodxApplication         : Starting FoodxApplication using Java 23 with PID 688 (D:\du_an_ca_nhan\foodx\target\classes started by Lenovo in D:\du_an_ca_nhan\foodx)
2026-08-17T23:24:48.356+07:00  INFO 688 --- [foodx-ai-test] [           main] com.nhom6.foodx.FoodxApplication         : The following 1 profile is active: "ai-test"
2026-08-17T23:24:49.410+07:00  INFO 688 --- [foodx-ai-test] [           main] .s.d.r.c.RepositoryConfigurationDelegate : Bootstrapping Spring Data JPA repositories in DEFAULT mode.
2026-08-17T23:24:49.682+07:00  INFO 688 --- [foodx-ai-test] [           main] .s.d.r.c.RepositoryConfigurationDelegate : Finished Spring Data repository scanning in 260 ms. Found 14 JPA repository interfaces.
2026-08-17T23:24:50.351+07:00  INFO 688 --- [foodx-ai-test] [           main] o.s.boot.tomcat.TomcatWebServer          : Tomcat initialized with port 8080 (http)
2026-08-17T23:24:50.368+07:00  INFO 688 --- [foodx-ai-test] [           main] o.apache.catalina.core.StandardService   : Starting service [Tomcat]
2026-08-17T23:24:50.369+07:00  INFO 688 --- [foodx-ai-test] [           main] o.apache.catalina.core.StandardEngine    : Starting Servlet engine: [Apache Tomcat/11.0.22]
2026-08-17T23:24:50.450+07:00  INFO 688 --- [foodx-ai-test] [           main] b.w.c.s.WebApplicationContextInitializer : Root WebApplicationContext: initialization completed in 2020 ms
2026-08-17T23:24:50.652+07:00  INFO 688 --- [foodx-ai-test] [           main] org.hibernate.orm.jpa                    : HHH008540: Processing PersistenceUnitInfo [name: default]
2026-08-17T23:24:50.729+07:00  INFO 688 --- [foodx-ai-test] [           main] org.hibernate.orm.core                   : HHH000001: Hibernate ORM core version 7.4.1.Final
2026-08-17T23:24:51.236+07:00  INFO 688 --- [foodx-ai-test] [           main] o.s.o.j.p.SpringPersistenceUnitInfo      : No LoadTimeWeaver setup: ignoring JPA class transformer
2026-08-17T23:24:51.274+07:00  INFO 688 --- [foodx-ai-test] [           main] com.zaxxer.hikari.HikariDataSource       : HikariPool-1 - Starting...
2026-08-17T23:24:51.518+07:00  INFO 688 --- [foodx-ai-test] [           main] com.zaxxer.hikari.pool.HikariPool        : HikariPool-1 - Added connection conn0: url=jdbc:h2:mem:foodxai user=SA
2026-08-17T23:24:51.521+07:00  INFO 688 --- [foodx-ai-test] [           main] com.zaxxer.hikari.HikariDataSource       : HikariPool-1 - Start completed.
2026-08-17T23:24:51.616+07:00  INFO 688 --- [foodx-ai-test] [           main] org.hibernate.orm.connections.pooling    : HHH10001005: Database info:
	Database JDBC URL [jdbc:h2:mem:foodxai]
	Database driver: H2 JDBC Driver
	Database dialect: H2Dialect
	Database version: 2.4.240
	Default catalog/schema: FOODXAI/PUBLIC
	Autocommit mode: undefined/unknown
	Isolation level: READ_COMMITTED [default READ_COMMITTED]
	JDBC fetch size: 100
	Pool: DataSourceConnectionProvider
	Minimum pool size: undefined/unknown
	Maximum pool size: undefined/unknown
2026-08-17T23:24:53.133+07:00  INFO 688 --- [foodx-ai-test] [           main] org.hibernate.orm.core                   : HHH000489: No JTA platform available (set 'hibernate.transaction.jta.platform' to enable JTA platform integration)
2026-08-17T23:24:53.207+07:00 DEBUG 688 --- [foodx-ai-test] [           main] org.hibernate.SQL                        : create table cook_history (id bigint generated by default as identity, cooked_at date not null, created_at timestamp(6), recipe_id bigint not null, user_id bigint not null, primary key (id))
2026-08-17T23:24:53.219+07:00 DEBUG 688 --- [foodx-ai-test] [           main] org.hibernate.SQL                        : create table foods (id bigint generated by default as identity, benefit varchar(150), carb float(53), components TEXT, created_at timestamp(6), custom_food boolean, default_expiry_days integer, default_quantity float(53), fat float(53), image_url varchar(1000), kcal float(53), name varchar(150) not null, protein float(53), source_key varchar(100), type varchar(50) not null, unit varchar(30), primary key (id))
2026-08-17T23:24:53.223+07:00 DEBUG 688 --- [foodx-ai-test] [           main] org.hibernate.SQL                        : create table fridge_stock (id bigint generated by default as identity, created_at timestamp(6), expires_at date, note TEXT, quantity float(53) not null, unit varchar(30) not null, updated_at timestamp(6), food_id bigint not null, user_id bigint not null, primary key (id))
2026-08-17T23:24:53.224+07:00 DEBUG 688 --- [foodx-ai-test] [           main] org.hibernate.SQL                        : create table ingredients (id bigint generated by default as identity, calories_per_unit float(53), category varchar(50), created_at timestamp(6), default_unit varchar(20), description varchar(500), name varchar(100) not null, updated_at timestamp(6), primary key (id))
2026-08-17T23:24:53.226+07:00 DEBUG 688 --- [foodx-ai-test] [           main] org.hibernate.SQL                        : create table meal_plan_entries (id bigint generated by default as identity, created_at timestamp(6), plan_date date not null, recipe_id bigint not null, slot varchar(20) not null, user_id bigint not null, primary key (id))
2026-08-17T23:24:53.229+07:00 DEBUG 688 --- [foodx-ai-test] [           main] org.hibernate.SQL                        : create table post_comments (id bigint generated by default as identity, content TEXT not null, created_at timestamp(6), post_id bigint not null, user_id bigint not null, primary key (id))
2026-08-17T23:24:53.232+07:00 DEBUG 688 --- [foodx-ai-test] [           main] org.hibernate.SQL                        : create table post_likes (id bigint generated by default as identity, created_at timestamp(6), post_id bigint not null, user_id bigint not null, primary key (id))
2026-08-17T23:24:53.234+07:00 DEBUG 688 --- [foodx-ai-test] [           main] org.hibernate.SQL                        : create table profiles (id bigint generated by default as identity, activity float(53), age integer, allergies TEXT, created_at timestamp(6), diet varchar(100), dislikes TEXT, gender varchar(20), height_cm float(53), target_weight_kg float(53), updated_at timestamp(6), weight_kg float(53), user_id bigint not null, primary key (id))
2026-08-17T23:24:53.235+07:00 DEBUG 688 --- [foodx-ai-test] [           main] org.hibernate.SQL                        : create table recipe_ingredients (id bigint generated by default as identity, note varchar(200), quantity float(53) not null, unit varchar(20), ingredient_id bigint not null, recipe_id bigint not null, primary key (id))
2026-08-17T23:24:53.238+07:00 DEBUG 688 --- [foodx-ai-test] [           main] org.hibernate.SQL                        : create table recipe_posts (id bigint generated by default as identity, created_at timestamp(6), description TEXT, image_url varchar(1000), ingredients TEXT, instructions TEXT, title varchar(150) not null, updated_at timestamp(6), author_id bigint not null, primary key (id))
2026-08-17T23:24:53.240+07:00 DEBUG 688 --- [foodx-ai-test] [           main] org.hibernate.SQL                        : create table recipes (id bigint generated by default as identity, carb float(53), category varchar(100), cook_time integer, created_at timestamp(6), cuisine varchar(100), description TEXT, difficulty varchar(30), fat float(53), image_url varchar(500), instructions TEXT, kcal integer, meal_slots TEXT, prep_time integer, protein float(53), servings integer, source_url varchar(500), title varchar(200) not null, updated_at timestamp(6), author_id bigint, primary key (id))
2026-08-17T23:24:53.242+07:00 DEBUG 688 --- [foodx-ai-test] [           main] org.hibernate.SQL                        : create table saved_recipes (id bigint generated by default as identity, saved_at timestamp(6), recipe_id bigint not null, user_id bigint not null, primary key (id))
2026-08-17T23:24:53.245+07:00 DEBUG 688 --- [foodx-ai-test] [           main] org.hibernate.SQL                        : create table shopping_items (id bigint generated by default as identity, category varchar(30), created_at timestamp(6), done boolean not null, name varchar(150) not null, price integer, quantity varchar(60), updated_at timestamp(6), user_id bigint not null, primary key (id))
2026-08-17T23:24:53.248+07:00 DEBUG 688 --- [foodx-ai-test] [           main] org.hibernate.SQL                        : create table users (id bigint generated by default as identity, avatar_url varchar(500), created_at timestamp(6), email varchar(100) not null, full_name varchar(100), password varchar(255) not null, role enum ('ADMIN','USER') not null, updated_at timestamp(6), username varchar(50) not null, primary key (id))
2026-08-17T23:24:53.251+07:00 DEBUG 688 --- [foodx-ai-test] [           main] org.hibernate.SQL                        : alter table if exists foods drop constraint if exists UKg03vuwwn3oyrxnnj9pminrjmk
2026-08-17T23:24:53.251+07:00 DEBUG 688 --- [foodx-ai-test] [           main] org.hibernate.SQL                        : alter table if exists foods add constraint UKg03vuwwn3oyrxnnj9pminrjmk unique (source_key)
2026-08-17T23:24:53.253+07:00 DEBUG 688 --- [foodx-ai-test] [           main] org.hibernate.SQL                        : alter table if exists ingredients drop constraint if exists UKj6tsl15xx76y4kv41yxr4uxab
2026-08-17T23:24:53.255+07:00 DEBUG 688 --- [foodx-ai-test] [           main] org.hibernate.SQL                        : alter table if exists ingredients add constraint UKj6tsl15xx76y4kv41yxr4uxab unique (name)
2026-08-17T23:24:53.255+07:00 DEBUG 688 --- [foodx-ai-test] [           main] org.hibernate.SQL                        : alter table if exists meal_plan_entries drop constraint if exists uk_meal_plan
2026-08-17T23:24:53.256+07:00 DEBUG 688 --- [foodx-ai-test] [           main] org.hibernate.SQL                        : alter table if exists meal_plan_entries add constraint uk_meal_plan unique (user_id, plan_date, slot)
2026-08-17T23:24:53.257+07:00 DEBUG 688 --- [foodx-ai-test] [           main] org.hibernate.SQL                        : alter table if exists post_likes drop constraint if exists uk_post_likes
2026-08-17T23:24:53.257+07:00 DEBUG 688 --- [foodx-ai-test] [           main] org.hibernate.SQL                        : alter table if exists post_likes add constraint uk_post_likes unique (user_id, post_id)
2026-08-17T23:24:53.258+07:00 DEBUG 688 --- [foodx-ai-test] [           main] org.hibernate.SQL                        : alter table if exists profiles drop constraint if exists UK4ixsj6aqve5pxrbw2u0oyk8bb
2026-08-17T23:24:53.258+07:00 DEBUG 688 --- [foodx-ai-test] [           main] org.hibernate.SQL                        : alter table if exists profiles add constraint UK4ixsj6aqve5pxrbw2u0oyk8bb unique (user_id)
2026-08-17T23:24:53.259+07:00 DEBUG 688 --- [foodx-ai-test] [           main] org.hibernate.SQL                        : alter table if exists saved_recipes drop constraint if exists UKphqasvgsva30co8vxl8ev67y3
2026-08-17T23:24:53.259+07:00 DEBUG 688 --- [foodx-ai-test] [           main] org.hibernate.SQL                        : alter table if exists saved_recipes add constraint UKphqasvgsva30co8vxl8ev67y3 unique (user_id, recipe_id)
2026-08-17T23:24:53.261+07:00 DEBUG 688 --- [foodx-ai-test] [           main] org.hibernate.SQL                        : alter table if exists users drop constraint if exists UK6dotkott2kjsp8vw4d0m25fb7
2026-08-17T23:24:53.262+07:00 DEBUG 688 --- [foodx-ai-test] [           main] org.hibernate.SQL                        : alter table if exists users add constraint UK6dotkott2kjsp8vw4d0m25fb7 unique (email)
2026-08-17T23:24:53.264+07:00 DEBUG 688 --- [foodx-ai-test] [           main] org.hibernate.SQL                        : alter table if exists users drop constraint if exists UKr43af9ap4edm43mmtq01oddj6
2026-08-17T23:24:53.265+07:00 DEBUG 688 --- [foodx-ai-test] [           main] org.hibernate.SQL                        : alter table if exists users add constraint UKr43af9ap4edm43mmtq01oddj6 unique (username)
2026-08-17T23:24:53.265+07:00 DEBUG 688 --- [foodx-ai-test] [           main] org.hibernate.SQL                        : alter table if exists cook_history add constraint FK6qp3dfsh8it32soejvrryx5lq foreign key (user_id) references users
2026-08-17T23:24:53.273+07:00 DEBUG 688 --- [foodx-ai-test] [           main] org.hibernate.SQL                        : alter table if exists fridge_stock add constraint FKado38arw6saudtmrn46dakcme foreign key (food_id) references foods
2026-08-17T23:24:53.274+07:00 DEBUG 688 --- [foodx-ai-test] [           main] org.hibernate.SQL                        : alter table if exists fridge_stock add constraint FK3xag8fsvsuefikjjg13naolcq foreign key (user_id) references users
2026-08-17T23:24:53.276+07:00 DEBUG 688 --- [foodx-ai-test] [           main] org.hibernate.SQL                        : alter table if exists meal_plan_entries add constraint FK79qdi83hjlq3yifmmwakmto0q foreign key (user_id) references users
2026-08-17T23:24:53.278+07:00 DEBUG 688 --- [foodx-ai-test] [           main] org.hibernate.SQL                        : alter table if exists post_comments add constraint FKg3k92mvetpy2vujsy1bwcuk9l foreign key (post_id) references recipe_posts
2026-08-17T23:24:53.280+07:00 DEBUG 688 --- [foodx-ai-test] [           main] org.hibernate.SQL                        : alter table if exists post_comments add constraint FKsnxoecngu89u3fh4wdrgf0f2g foreign key (user_id) references users
2026-08-17T23:24:53.281+07:00 DEBUG 688 --- [foodx-ai-test] [           main] org.hibernate.SQL                        : alter table if exists post_likes add constraint FKl4vj0gco7y5ffa9jqid0xmgq5 foreign key (post_id) references recipe_posts
2026-08-17T23:24:53.283+07:00 DEBUG 688 --- [foodx-ai-test] [           main] org.hibernate.SQL                        : alter table if exists post_likes add constraint FKkgau5n0nlewg6o9lr4yibqgxj foreign key (user_id) references users
2026-08-17T23:24:53.284+07:00 DEBUG 688 --- [foodx-ai-test] [           main] org.hibernate.SQL                        : alter table if exists profiles add constraint FK410q61iev7klncmpqfuo85ivh foreign key (user_id) references users
2026-08-17T23:24:53.285+07:00 DEBUG 688 --- [foodx-ai-test] [           main] org.hibernate.SQL                        : alter table if exists recipe_ingredients add constraint FKgukrw6na9f61kb8djkkuvyxy8 foreign key (ingredient_id) references ingredients
2026-08-17T23:24:53.286+07:00 DEBUG 688 --- [foodx-ai-test] [           main] org.hibernate.SQL                        : alter table if exists recipe_ingredients add constraint FKcqlw8sor5ut10xsuj3jnttkc foreign key (recipe_id) references recipes
2026-08-17T23:24:53.287+07:00 DEBUG 688 --- [foodx-ai-test] [           main] org.hibernate.SQL                        : alter table if exists recipe_posts add constraint FKqdp7v81tkgs2392m38ftsdbcr foreign key (author_id) references users
2026-08-17T23:24:53.289+07:00 DEBUG 688 --- [foodx-ai-test] [           main] org.hibernate.SQL                        : alter table if exists recipes add constraint FKhcd6j9baovkdrh8gu9my8lco5 foreign key (author_id) references users
2026-08-17T23:24:53.290+07:00 DEBUG 688 --- [foodx-ai-test] [           main] org.hibernate.SQL                        : alter table if exists saved_recipes add constraint FKaxpryrgf3btjlv2o231c688lm foreign key (recipe_id) references recipes
2026-08-17T23:24:53.292+07:00 DEBUG 688 --- [foodx-ai-test] [           main] org.hibernate.SQL                        : alter table if exists saved_recipes add constraint FK1ya4vlv7a3cuvar9e1cc53qfv foreign key (user_id) references users
2026-08-17T23:24:53.293+07:00 DEBUG 688 --- [foodx-ai-test] [           main] org.hibernate.SQL                        : alter table if exists shopping_items add constraint FKtpkopyby8qwu1noj4n4t3yuig foreign key (user_id) references users
2026-08-17T23:24:53.294+07:00  INFO 688 --- [foodx-ai-test] [           main] j.LocalContainerEntityManagerFactoryBean : Initialized JPA EntityManagerFactory for persistence unit 'default'
2026-08-17T23:24:53.383+07:00  INFO 688 --- [foodx-ai-test] [           main] o.s.d.j.r.query.QueryEnhancerFactories   : Hibernate is in classpath; If applicable, HQL parser will be used.
2026-08-17T23:24:53.978+07:00  INFO 688 --- [foodx-ai-test] [           main] r$InitializeUserDetailsManagerConfigurer : Global AuthenticationManager configured with UserDetailsService bean with name userDetailsServiceImpl
2026-08-17T23:24:55.275+07:00  WARN 688 --- [foodx-ai-test] [           main] JpaBaseConfiguration$JpaWebConfiguration : spring.jpa.open-in-view is enabled by default. Therefore, database queries may be performed during view rendering. Explicitly configure spring.jpa.open-in-view to disable this warning
2026-08-17T23:24:55.692+07:00  INFO 688 --- [foodx-ai-test] [           main] o.s.b.w.a.WelcomePageHandlerMapping      : Adding welcome page: class path resource [static/index.html]
2026-08-17T23:24:55.850+07:00  WARN 688 --- [foodx-ai-test] [           main] o.s.w.s.resource.ResourceHandlerUtils    : Appended trailing slash to static resource location: file:///D:/du_an_ca_nhan/foodx/uploads/
2026-08-17T23:24:56.211+07:00  INFO 688 --- [foodx-ai-test] [           main] o.s.boot.tomcat.TomcatWebServer          : Tomcat started on port 8080 (http) with context path '/'
2026-08-17T23:24:56.221+07:00  INFO 688 --- [foodx-ai-test] [           main] com.nhom6.foodx.FoodxApplication         : Started FoodxApplication in 8.343 seconds (process running for 8.874)
2026-08-17T23:24:56.286+07:00 DEBUG 688 --- [foodx-ai-test] [           main] org.hibernate.SQL                        : select count(*) from recipes r1_0
2026-08-17T23:24:56.336+07:00 DEBUG 688 --- [foodx-ai-test] [           main] org.hibernate.SQL                        : insert into recipes (author_id,carb,category,cook_time,created_at,cuisine,description,difficulty,fat,image_url,instructions,kcal,meal_slots,prep_time,protein,servings,source_url,title,updated_at,id) values (?,?,?,?,?,?,?,?,?,?,?,?,?,?,?,?,?,?,?,default)
2026-08-17T23:24:56.350+07:00 DEBUG 688 --- [foodx-ai-test] [           main] org.hibernate.SQL                        : insert into recipes (author_id,carb,category,cook_time,created_at,cuisine,description,difficulty,fat,image_url,instructions,kcal,meal_slots,prep_time,protein,servings,source_url,title,updated_at,id) values (?,?,?,?,?,?,?,?,?,?,?,?,?,?,?,?,?,?,?,default)
2026-08-17T23:24:56.352+07:00 DEBUG 688 --- [foodx-ai-test] [           main] org.hibernate.SQL                        : insert into recipes (author_id,carb,category,cook_time,created_at,cuisine,description,difficulty,fat,image_url,instructions,kcal,meal_slots,prep_time,protein,servings,source_url,title,updated_at,id) values (?,?,?,?,?,?,?,?,?,?,?,?,?,?,?,?,?,?,?,default)
2026-08-17T23:24:56.353+07:00 DEBUG 688 --- [foodx-ai-test] [           main] org.hibernate.SQL                        : insert into recipes (author_id,carb,category,cook_time,created_at,cuisine,description,difficulty,fat,image_url,instructions,kcal,meal_slots,prep_time,protein,servings,source_url,title,updated_at,id) values (?,?,?,?,?,?,?,?,?,?,?,?,?,?,?,?,?,?,?,default)
2026-08-17T23:24:56.354+07:00 DEBUG 688 --- [foodx-ai-test] [           main] org.hibernate.SQL                        : insert into recipes (author_id,carb,category,cook_time,created_at,cuisine,description,difficulty,fat,image_url,instructions,kcal,meal_slots,prep_time,protein,servings,source_url,title,updated_at,id) values (?,?,?,?,?,?,?,?,?,?,?,?,?,?,?,?,?,?,?,default)
2026-08-17T23:24:56.355+07:00 DEBUG 688 --- [foodx-ai-test] [           main] org.hibernate.SQL                        : insert into recipes (author_id,carb,category,cook_time,created_at,cuisine,description,difficulty,fat,image_url,instructions,kcal,meal_slots,prep_time,protein,servings,source_url,title,updated_at,id) values (?,?,?,?,?,?,?,?,?,?,?,?,?,?,?,?,?,?,?,default)
2026-08-17T23:24:56.355+07:00 DEBUG 688 --- [foodx-ai-test] [           main] org.hibernate.SQL                        : insert into recipes (author_id,carb,category,cook_time,created_at,cuisine,description,difficulty,fat,image_url,instructions,kcal,meal_slots,prep_time,protein,servings,source_url,title,updated_at,id) values (?,?,?,?,?,?,?,?,?,?,?,?,?,?,?,?,?,?,?,default)
2026-08-17T23:24:56.355+07:00 DEBUG 688 --- [foodx-ai-test] [           main] org.hibernate.SQL                        : insert into recipes (author_id,carb,category,cook_time,created_at,cuisine,description,difficulty,fat,image_url,instructions,kcal,meal_slots,prep_time,protein,servings,source_url,title,updated_at,id) values (?,?,?,?,?,?,?,?,?,?,?,?,?,?,?,?,?,?,?,default)
2026-08-17T23:24:56.356+07:00 DEBUG 688 --- [foodx-ai-test] [           main] org.hibernate.SQL                        : insert into recipes (author_id,carb,category,cook_time,created_at,cuisine,description,difficulty,fat,image_url,instructions,kcal,meal_slots,prep_time,protein,servings,source_url,title,updated_at,id) values (?,?,?,?,?,?,?,?,?,?,?,?,?,?,?,?,?,?,?,default)
2026-08-17T23:24:56.357+07:00 DEBUG 688 --- [foodx-ai-test] [           main] org.hibernate.SQL                        : insert into recipes (author_id,carb,category,cook_time,created_at,cuisine,description,difficulty,fat,image_url,instructions,kcal,meal_slots,prep_time,protein,servings,source_url,title,updated_at,id) values (?,?,?,?,?,?,?,?,?,?,?,?,?,?,?,?,?,?,?,default)
2026-08-17T23:24:56.358+07:00 DEBUG 688 --- [foodx-ai-test] [           main] org.hibernate.SQL                        : insert into recipes (author_id,carb,category,cook_time,created_at,cuisine,description,difficulty,fat,image_url,instructions,kcal,meal_slots,prep_time,protein,servings,source_url,title,updated_at,id) values (?,?,?,?,?,?,?,?,?,?,?,?,?,?,?,?,?,?,?,default)
2026-08-17T23:24:56.370+07:00  INFO 688 --- [foodx-ai-test] [           main] c.nhom6.foodx.common.config.DataSeeder   : ?ã seed 11 công th?c m?u t? dk-dn
2026-08-17T23:25:31.894+07:00  INFO 688 --- [foodx-ai-test] [nio-8080-exec-1] o.a.c.c.C.[Tomcat].[localhost].[/]       : Initializing Spring DispatcherServlet 'dispatcherServlet'
2026-08-17T23:25:31.895+07:00  INFO 688 --- [foodx-ai-test] [nio-8080-exec-1] o.s.web.servlet.DispatcherServlet        : Initializing Servlet 'dispatcherServlet'
2026-08-17T23:25:31.899+07:00  INFO 688 --- [foodx-ai-test] [nio-8080-exec-1] o.s.web.servlet.DispatcherServlet        : Completed initialization in 3 ms
2026-08-17T23:48:34.682+07:00 DEBUG 688 --- [foodx-ai-test] [nio-8080-exec-7] org.hibernate.SQL                        : select r1_0.id,r1_0.author_id,r1_0.carb,r1_0.category,r1_0.cook_time,r1_0.created_at,r1_0.cuisine,r1_0.description,r1_0.difficulty,r1_0.fat,r1_0.image_url,r1_0.instructions,r1_0.kcal,r1_0.meal_slots,r1_0.prep_time,r1_0.protein,r1_0.servings,r1_0.source_url,r1_0.title,r1_0.updated_at from recipes r1_0
2026-08-17T23:48:34.739+07:00 DEBUG 688 --- [foodx-ai-test] [nio-8080-exec-7] org.hibernate.SQL                        : select i1_0.recipe_id,i1_0.id,i1_0.ingredient_id,i1_0.note,i1_0.quantity,i1_0.unit from recipe_ingredients i1_0 where i1_0.recipe_id=?
2026-08-17T23:48:34.747+07:00 DEBUG 688 --- [foodx-ai-test] [nio-8080-exec-7] org.hibernate.SQL                        : select i1_0.recipe_id,i1_0.id,i1_0.ingredient_id,i1_0.note,i1_0.quantity,i1_0.unit from recipe_ingredients i1_0 where i1_0.recipe_id=?
2026-08-17T23:48:34.748+07:00 DEBUG 688 --- [foodx-ai-test] [nio-8080-exec-7] org.hibernate.SQL                        : select i1_0.recipe_id,i1_0.id,i1_0.ingredient_id,i1_0.note,i1_0.quantity,i1_0.unit from recipe_ingredients i1_0 where i1_0.recipe_id=?
2026-08-17T23:48:34.749+07:00 DEBUG 688 --- [foodx-ai-test] [nio-8080-exec-7] org.hibernate.SQL                        : select i1_0.recipe_id,i1_0.id,i1_0.ingredient_id,i1_0.note,i1_0.quantity,i1_0.unit from recipe_ingredients i1_0 where i1_0.recipe_id=?
2026-08-17T23:48:34.750+07:00 DEBUG 688 --- [foodx-ai-test] [nio-8080-exec-7] org.hibernate.SQL                        : select i1_0.recipe_id,i1_0.id,i1_0.ingredient_id,i1_0.note,i1_0.quantity,i1_0.unit from recipe_ingredients i1_0 where i1_0.recipe_id=?
2026-08-17T23:48:34.751+07:00 DEBUG 688 --- [foodx-ai-test] [nio-8080-exec-7] org.hibernate.SQL                        : select i1_0.recipe_id,i1_0.id,i1_0.ingredient_id,i1_0.note,i1_0.quantity,i1_0.unit from recipe_ingredients i1_0 where i1_0.recipe_id=?
2026-08-17T23:48:34.752+07:00 DEBUG 688 --- [foodx-ai-test] [nio-8080-exec-7] org.hibernate.SQL                        : select i1_0.recipe_id,i1_0.id,i1_0.ingredient_id,i1_0.note,i1_0.quantity,i1_0.unit from recipe_ingredients i1_0 where i1_0.recipe_id=?
2026-08-17T23:48:34.752+07:00 DEBUG 688 --- [foodx-ai-test] [nio-8080-exec-7] org.hibernate.SQL                        : select i1_0.recipe_id,i1_0.id,i1_0.ingredient_id,i1_0.note,i1_0.quantity,i1_0.unit from recipe_ingredients i1_0 where i1_0.recipe_id=?
2026-08-17T23:48:34.752+07:00 DEBUG 688 --- [foodx-ai-test] [nio-8080-exec-7] org.hibernate.SQL                        : select i1_0.recipe_id,i1_0.id,i1_0.ingredient_id,i1_0.note,i1_0.quantity,i1_0.unit from recipe_ingredients i1_0 where i1_0.recipe_id=?
2026-08-17T23:48:34.754+07:00 DEBUG 688 --- [foodx-ai-test] [nio-8080-exec-7] org.hibernate.SQL                        : select i1_0.recipe_id,i1_0.id,i1_0.ingredient_id,i1_0.note,i1_0.quantity,i1_0.unit from recipe_ingredients i1_0 where i1_0.recipe_id=?
2026-08-17T23:48:34.755+07:00 DEBUG 688 --- [foodx-ai-test] [nio-8080-exec-7] org.hibernate.SQL                        : select i1_0.recipe_id,i1_0.id,i1_0.ingredient_id,i1_0.note,i1_0.quantity,i1_0.unit from recipe_ingredients i1_0 where i1_0.recipe_id=?
2026-08-17T23:48:40.145+07:00 DEBUG 688 --- [foodx-ai-test] [io-8080-exec-10] org.hibernate.SQL                        : select r1_0.id,r1_0.author_id,r1_0.carb,r1_0.category,r1_0.cook_time,r1_0.created_at,r1_0.cuisine,r1_0.description,r1_0.difficulty,r1_0.fat,r1_0.image_url,r1_0.instructions,r1_0.kcal,r1_0.meal_slots,r1_0.prep_time,r1_0.protein,r1_0.servings,r1_0.source_url,r1_0.title,r1_0.updated_at from recipes r1_0
2026-08-17T23:48:40.152+07:00 DEBUG 688 --- [foodx-ai-test] [io-8080-exec-10] org.hibernate.SQL                        : select i1_0.recipe_id,i1_0.id,i1_0.ingredient_id,i1_0.note,i1_0.quantity,i1_0.unit from recipe_ingredients i1_0 where i1_0.recipe_id=?
2026-08-17T23:48:40.154+07:00 DEBUG 688 --- [foodx-ai-test] [io-8080-exec-10] org.hibernate.SQL                        : select i1_0.recipe_id,i1_0.id,i1_0.ingredient_id,i1_0.note,i1_0.quantity,i1_0.unit from recipe_ingredients i1_0 where i1_0.recipe_id=?
2026-08-17T23:48:40.154+07:00 DEBUG 688 --- [foodx-ai-test] [io-8080-exec-10] org.hibernate.SQL                        : select i1_0.recipe_id,i1_0.id,i1_0.ingredient_id,i1_0.note,i1_0.quantity,i1_0.unit from recipe_ingredients i1_0 where i1_0.recipe_id=?
2026-08-17T23:48:40.155+07:00 DEBUG 688 --- [foodx-ai-test] [io-8080-exec-10] org.hibernate.SQL                        : select i1_0.recipe_id,i1_0.id,i1_0.ingredient_id,i1_0.note,i1_0.quantity,i1_0.unit from recipe_ingredients i1_0 where i1_0.recipe_id=?
2026-08-17T23:48:40.156+07:00 DEBUG 688 --- [foodx-ai-test] [io-8080-exec-10] org.hibernate.SQL                        : select i1_0.recipe_id,i1_0.id,i1_0.ingredient_id,i1_0.note,i1_0.quantity,i1_0.unit from recipe_ingredients i1_0 where i1_0.recipe_id=?
2026-08-17T23:48:40.157+07:00 DEBUG 688 --- [foodx-ai-test] [io-8080-exec-10] org.hibernate.SQL                        : select i1_0.recipe_id,i1_0.id,i1_0.ingredient_id,i1_0.note,i1_0.quantity,i1_0.unit from recipe_ingredients i1_0 where i1_0.recipe_id=?
2026-08-17T23:48:40.157+07:00 DEBUG 688 --- [foodx-ai-test] [io-8080-exec-10] org.hibernate.SQL                        : select i1_0.recipe_id,i1_0.id,i1_0.ingredient_id,i1_0.note,i1_0.quantity,i1_0.unit from recipe_ingredients i1_0 where i1_0.recipe_id=?
2026-08-17T23:48:40.158+07:00 DEBUG 688 --- [foodx-ai-test] [io-8080-exec-10] org.hibernate.SQL                        : select i1_0.recipe_id,i1_0.id,i1_0.ingredient_id,i1_0.note,i1_0.quantity,i1_0.unit from recipe_ingredients i1_0 where i1_0.recipe_id=?
2026-08-17T23:48:40.159+07:00 DEBUG 688 --- [foodx-ai-test] [io-8080-exec-10] org.hibernate.SQL                        : select i1_0.recipe_id,i1_0.id,i1_0.ingredient_id,i1_0.note,i1_0.quantity,i1_0.unit from recipe_ingredients i1_0 where i1_0.recipe_id=?
2026-08-17T23:48:40.160+07:00 DEBUG 688 --- [foodx-ai-test] [io-8080-exec-10] org.hibernate.SQL                        : select i1_0.recipe_id,i1_0.id,i1_0.ingredient_id,i1_0.note,i1_0.quantity,i1_0.unit from recipe_ingredients i1_0 where i1_0.recipe_id=?
2026-08-17T23:48:40.160+07:00 DEBUG 688 --- [foodx-ai-test] [io-8080-exec-10] org.hibernate.SQL                        : select i1_0.recipe_id,i1_0.id,i1_0.ingredient_id,i1_0.note,i1_0.quantity,i1_0.unit from recipe_ingredients i1_0 where i1_0.recipe_id=?
2026-08-17T23:49:38.988+07:00 DEBUG 688 --- [foodx-ai-test] [nio-8080-exec-5] org.hibernate.SQL                        : select r1_0.id,r1_0.author_id,r1_0.carb,r1_0.category,r1_0.cook_time,r1_0.created_at,r1_0.cuisine,r1_0.description,r1_0.difficulty,r1_0.fat,r1_0.image_url,r1_0.instructions,r1_0.kcal,r1_0.meal_slots,r1_0.prep_time,r1_0.protein,r1_0.servings,r1_0.source_url,r1_0.title,r1_0.updated_at from recipes r1_0
2026-08-17T23:49:38.995+07:00 DEBUG 688 --- [foodx-ai-test] [nio-8080-exec-5] org.hibernate.SQL                        : select i1_0.recipe_id,i1_0.id,i1_0.ingredient_id,i1_0.note,i1_0.quantity,i1_0.unit from recipe_ingredients i1_0 where i1_0.recipe_id=?
2026-08-17T23:49:38.997+07:00 DEBUG 688 --- [foodx-ai-test] [nio-8080-exec-5] org.hibernate.SQL                        : select i1_0.recipe_id,i1_0.id,i1_0.ingredient_id,i1_0.note,i1_0.quantity,i1_0.unit from recipe_ingredients i1_0 where i1_0.recipe_id=?
2026-08-17T23:49:38.997+07:00 DEBUG 688 --- [foodx-ai-test] [nio-8080-exec-5] org.hibernate.SQL                        : select i1_0.recipe_id,i1_0.id,i1_0.ingredient_id,i1_0.note,i1_0.quantity,i1_0.unit from recipe_ingredients i1_0 where i1_0.recipe_id=?
2026-08-17T23:49:38.998+07:00 DEBUG 688 --- [foodx-ai-test] [nio-8080-exec-5] org.hibernate.SQL                        : select i1_0.recipe_id,i1_0.id,i1_0.ingredient_id,i1_0.note,i1_0.quantity,i1_0.unit from recipe_ingredients i1_0 where i1_0.recipe_id=?
2026-08-17T23:49:38.998+07:00 DEBUG 688 --- [foodx-ai-test] [nio-8080-exec-5] org.hibernate.SQL                        : select i1_0.recipe_id,i1_0.id,i1_0.ingredient_id,i1_0.note,i1_0.quantity,i1_0.unit from recipe_ingredients i1_0 where i1_0.recipe_id=?
2026-08-17T23:49:38.999+07:00 DEBUG 688 --- [foodx-ai-test] [nio-8080-exec-5] org.hibernate.SQL                        : select i1_0.recipe_id,i1_0.id,i1_0.ingredient_id,i1_0.note,i1_0.quantity,i1_0.unit from recipe_ingredients i1_0 where i1_0.recipe_id=?
2026-08-17T23:49:39.000+07:00 DEBUG 688 --- [foodx-ai-test] [nio-8080-exec-5] org.hibernate.SQL                        : select i1_0.recipe_id,i1_0.id,i1_0.ingredient_id,i1_0.note,i1_0.quantity,i1_0.unit from recipe_ingredients i1_0 where i1_0.recipe_id=?
2026-08-17T23:49:39.000+07:00 DEBUG 688 --- [foodx-ai-test] [nio-8080-exec-5] org.hibernate.SQL                        : select i1_0.recipe_id,i1_0.id,i1_0.ingredient_id,i1_0.note,i1_0.quantity,i1_0.unit from recipe_ingredients i1_0 where i1_0.recipe_id=?
2026-08-17T23:49:39.001+07:00 DEBUG 688 --- [foodx-ai-test] [nio-8080-exec-5] org.hibernate.SQL                        : select i1_0.recipe_id,i1_0.id,i1_0.ingredient_id,i1_0.note,i1_0.quantity,i1_0.unit from recipe_ingredients i1_0 where i1_0.recipe_id=?
2026-08-17T23:49:39.002+07:00 DEBUG 688 --- [foodx-ai-test] [nio-8080-exec-5] org.hibernate.SQL                        : select i1_0.recipe_id,i1_0.id,i1_0.ingredient_id,i1_0.note,i1_0.quantity,i1_0.unit from recipe_ingredients i1_0 where i1_0.recipe_id=?
2026-08-17T23:49:39.002+07:00 DEBUG 688 --- [foodx-ai-test] [nio-8080-exec-5] org.hibernate.SQL                        : select i1_0.recipe_id,i1_0.id,i1_0.ingredient_id,i1_0.note,i1_0.quantity,i1_0.unit from recipe_ingredients i1_0 where i1_0.recipe_id=?
2026-08-17T23:51:47.302+07:00 DEBUG 688 --- [foodx-ai-test] [nio-8080-exec-1] org.hibernate.SQL                        : select r1_0.id,r1_0.author_id,r1_0.carb,r1_0.category,r1_0.cook_time,r1_0.created_at,r1_0.cuisine,r1_0.description,r1_0.difficulty,r1_0.fat,r1_0.image_url,r1_0.instructions,r1_0.kcal,r1_0.meal_slots,r1_0.prep_time,r1_0.protein,r1_0.servings,r1_0.source_url,r1_0.title,r1_0.updated_at from recipes r1_0
2026-08-17T23:51:47.309+07:00 DEBUG 688 --- [foodx-ai-test] [nio-8080-exec-1] org.hibernate.SQL                        : select i1_0.recipe_id,i1_0.id,i1_0.ingredient_id,i1_0.note,i1_0.quantity,i1_0.unit from recipe_ingredients i1_0 where i1_0.recipe_id=?
2026-08-17T23:51:47.311+07:00 DEBUG 688 --- [foodx-ai-test] [nio-8080-exec-1] org.hibernate.SQL                        : select i1_0.recipe_id,i1_0.id,i1_0.ingredient_id,i1_0.note,i1_0.quantity,i1_0.unit from recipe_ingredients i1_0 where i1_0.recipe_id=?
2026-08-17T23:51:47.312+07:00 DEBUG 688 --- [foodx-ai-test] [nio-8080-exec-1] org.hibernate.SQL                        : select i1_0.recipe_id,i1_0.id,i1_0.ingredient_id,i1_0.note,i1_0.quantity,i1_0.unit from recipe_ingredients i1_0 where i1_0.recipe_id=?
2026-08-17T23:51:47.313+07:00 DEBUG 688 --- [foodx-ai-test] [nio-8080-exec-1] org.hibernate.SQL                        : select i1_0.recipe_id,i1_0.id,i1_0.ingredient_id,i1_0.note,i1_0.quantity,i1_0.unit from recipe_ingredients i1_0 where i1_0.recipe_id=?
2026-08-17T23:51:47.314+07:00 DEBUG 688 --- [foodx-ai-test] [nio-8080-exec-1] org.hibernate.SQL                        : select i1_0.recipe_id,i1_0.id,i1_0.ingredient_id,i1_0.note,i1_0.quantity,i1_0.unit from recipe_ingredients i1_0 where i1_0.recipe_id=?
2026-08-17T23:51:47.314+07:00 DEBUG 688 --- [foodx-ai-test] [nio-8080-exec-1] org.hibernate.SQL                        : select i1_0.recipe_id,i1_0.id,i1_0.ingredient_id,i1_0.note,i1_0.quantity,i1_0.unit from recipe_ingredients i1_0 where i1_0.recipe_id=?
2026-08-17T23:51:47.316+07:00 DEBUG 688 --- [foodx-ai-test] [nio-8080-exec-1] org.hibernate.SQL                        : select i1_0.recipe_id,i1_0.id,i1_0.ingredient_id,i1_0.note,i1_0.quantity,i1_0.unit from recipe_ingredients i1_0 where i1_0.recipe_id=?
2026-08-17T23:51:47.316+07:00 DEBUG 688 --- [foodx-ai-test] [nio-8080-exec-1] org.hibernate.SQL                        : select i1_0.recipe_id,i1_0.id,i1_0.ingredient_id,i1_0.note,i1_0.quantity,i1_0.unit from recipe_ingredients i1_0 where i1_0.recipe_id=?
2026-08-17T23:51:47.317+07:00 DEBUG 688 --- [foodx-ai-test] [nio-8080-exec-1] org.hibernate.SQL                        : select i1_0.recipe_id,i1_0.id,i1_0.ingredient_id,i1_0.note,i1_0.quantity,i1_0.unit from recipe_ingredients i1_0 where i1_0.recipe_id=?
2026-08-17T23:51:47.318+07:00 DEBUG 688 --- [foodx-ai-test] [nio-8080-exec-1] org.hibernate.SQL                        : select i1_0.recipe_id,i1_0.id,i1_0.ingredient_id,i1_0.note,i1_0.quantity,i1_0.unit from recipe_ingredients i1_0 where i1_0.recipe_id=?
2026-08-17T23:51:47.318+07:00 DEBUG 688 --- [foodx-ai-test] [nio-8080-exec-1] org.hibernate.SQL                        : select i1_0.recipe_id,i1_0.id,i1_0.ingredient_id,i1_0.note,i1_0.quantity,i1_0.unit from recipe_ingredients i1_0 where i1_0.recipe_id=?
2026-08-17T23:51:51.042+07:00 DEBUG 688 --- [foodx-ai-test] [io-8080-exec-10] org.hibernate.SQL                        : select r1_0.id,r1_0.author_id,r1_0.carb,r1_0.category,r1_0.cook_time,r1_0.created_at,r1_0.cuisine,r1_0.description,r1_0.difficulty,r1_0.fat,r1_0.image_url,r1_0.instructions,r1_0.kcal,r1_0.meal_slots,r1_0.prep_time,r1_0.protein,r1_0.servings,r1_0.source_url,r1_0.title,r1_0.updated_at from recipes r1_0
2026-08-17T23:51:51.048+07:00 DEBUG 688 --- [foodx-ai-test] [io-8080-exec-10] org.hibernate.SQL                        : select i1_0.recipe_id,i1_0.id,i1_0.ingredient_id,i1_0.note,i1_0.quantity,i1_0.unit from recipe_ingredients i1_0 where i1_0.recipe_id=?
2026-08-17T23:51:51.049+07:00 DEBUG 688 --- [foodx-ai-test] [io-8080-exec-10] org.hibernate.SQL                        : select i1_0.recipe_id,i1_0.id,i1_0.ingredient_id,i1_0.note,i1_0.quantity,i1_0.unit from recipe_ingredients i1_0 where i1_0.recipe_id=?
2026-08-17T23:51:51.050+07:00 DEBUG 688 --- [foodx-ai-test] [io-8080-exec-10] org.hibernate.SQL                        : select i1_0.recipe_id,i1_0.id,i1_0.ingredient_id,i1_0.note,i1_0.quantity,i1_0.unit from recipe_ingredients i1_0 where i1_0.recipe_id=?
2026-08-17T23:51:51.050+07:00 DEBUG 688 --- [foodx-ai-test] [io-8080-exec-10] org.hibernate.SQL                        : select i1_0.recipe_id,i1_0.id,i1_0.ingredient_id,i1_0.note,i1_0.quantity,i1_0.unit from recipe_ingredients i1_0 where i1_0.recipe_id=?
2026-08-17T23:51:51.052+07:00 DEBUG 688 --- [foodx-ai-test] [io-8080-exec-10] org.hibernate.SQL                        : select i1_0.recipe_id,i1_0.id,i1_0.ingredient_id,i1_0.note,i1_0.quantity,i1_0.unit from recipe_ingredients i1_0 where i1_0.recipe_id=?
2026-08-17T23:51:51.052+07:00 DEBUG 688 --- [foodx-ai-test] [io-8080-exec-10] org.hibernate.SQL                        : select i1_0.recipe_id,i1_0.id,i1_0.ingredient_id,i1_0.note,i1_0.quantity,i1_0.unit from recipe_ingredients i1_0 where i1_0.recipe_id=?
2026-08-17T23:51:51.053+07:00 DEBUG 688 --- [foodx-ai-test] [io-8080-exec-10] org.hibernate.SQL                        : select i1_0.recipe_id,i1_0.id,i1_0.ingredient_id,i1_0.note,i1_0.quantity,i1_0.unit from recipe_ingredients i1_0 where i1_0.recipe_id=?
2026-08-17T23:51:51.055+07:00 DEBUG 688 --- [foodx-ai-test] [io-8080-exec-10] org.hibernate.SQL                        : select i1_0.recipe_id,i1_0.id,i1_0.ingredient_id,i1_0.note,i1_0.quantity,i1_0.unit from recipe_ingredients i1_0 where i1_0.recipe_id=?
2026-08-17T23:51:51.055+07:00 DEBUG 688 --- [foodx-ai-test] [io-8080-exec-10] org.hibernate.SQL                        : select i1_0.recipe_id,i1_0.id,i1_0.ingredient_id,i1_0.note,i1_0.quantity,i1_0.unit from recipe_ingredients i1_0 where i1_0.recipe_id=?
2026-08-17T23:51:51.057+07:00 DEBUG 688 --- [foodx-ai-test] [io-8080-exec-10] org.hibernate.SQL                        : select i1_0.recipe_id,i1_0.id,i1_0.ingredient_id,i1_0.note,i1_0.quantity,i1_0.unit from recipe_ingredients i1_0 where i1_0.recipe_id=?
2026-08-17T23:51:51.057+07:00 DEBUG 688 --- [foodx-ai-test] [io-8080-exec-10] org.hibernate.SQL                        : select i1_0.recipe_id,i1_0.id,i1_0.ingredient_id,i1_0.note,i1_0.quantity,i1_0.unit from recipe_ingredients i1_0 where i1_0.recipe_id=?
2026-08-17T23:51:52.637+07:00 DEBUG 688 --- [foodx-ai-test] [nio-8080-exec-2] org.hibernate.SQL                        : select r1_0.id,r1_0.author_id,r1_0.carb,r1_0.category,r1_0.cook_time,r1_0.created_at,r1_0.cuisine,r1_0.description,r1_0.difficulty,r1_0.fat,r1_0.image_url,r1_0.instructions,r1_0.kcal,r1_0.meal_slots,r1_0.prep_time,r1_0.protein,r1_0.servings,r1_0.source_url,r1_0.title,r1_0.updated_at from recipes r1_0 where r1_0.id=?
2026-08-17T23:51:52.640+07:00 DEBUG 688 --- [foodx-ai-test] [nio-8080-exec-2] org.hibernate.SQL                        : select i1_0.recipe_id,i1_0.id,i1_0.ingredient_id,i1_0.note,i1_0.quantity,i1_0.unit from recipe_ingredients i1_0 where i1_0.recipe_id=?
2026-08-17T23:51:57.630+07:00 DEBUG 688 --- [foodx-ai-test] [nio-8080-exec-3] org.hibernate.SQL                        : select r1_0.id,r1_0.author_id,r1_0.carb,r1_0.category,r1_0.cook_time,r1_0.created_at,r1_0.cuisine,r1_0.description,r1_0.difficulty,r1_0.fat,r1_0.image_url,r1_0.instructions,r1_0.kcal,r1_0.meal_slots,r1_0.prep_time,r1_0.protein,r1_0.servings,r1_0.source_url,r1_0.title,r1_0.updated_at from recipes r1_0
2026-08-17T23:51:57.635+07:00 DEBUG 688 --- [foodx-ai-test] [nio-8080-exec-3] org.hibernate.SQL                        : select i1_0.recipe_id,i1_0.id,i1_0.ingredient_id,i1_0.note,i1_0.quantity,i1_0.unit from recipe_ingredients i1_0 where i1_0.recipe_id=?
2026-08-17T23:51:57.636+07:00 DEBUG 688 --- [foodx-ai-test] [nio-8080-exec-3] org.hibernate.SQL                        : select i1_0.recipe_id,i1_0.id,i1_0.ingredient_id,i1_0.note,i1_0.quantity,i1_0.unit from recipe_ingredients i1_0 where i1_0.recipe_id=?
2026-08-17T23:51:57.637+07:00 DEBUG 688 --- [foodx-ai-test] [nio-8080-exec-3] org.hibernate.SQL                        : select i1_0.recipe_id,i1_0.id,i1_0.ingredient_id,i1_0.note,i1_0.quantity,i1_0.unit from recipe_ingredients i1_0 where i1_0.recipe_id=?
2026-08-17T23:51:57.638+07:00 DEBUG 688 --- [foodx-ai-test] [nio-8080-exec-3] org.hibernate.SQL                        : select i1_0.recipe_id,i1_0.id,i1_0.ingredient_id,i1_0.note,i1_0.quantity,i1_0.unit from recipe_ingredients i1_0 where i1_0.recipe_id=?
2026-08-17T23:51:57.639+07:00 DEBUG 688 --- [foodx-ai-test] [nio-8080-exec-3] org.hibernate.SQL                        : select i1_0.recipe_id,i1_0.id,i1_0.ingredient_id,i1_0.note,i1_0.quantity,i1_0.unit from recipe_ingredients i1_0 where i1_0.recipe_id=?
2026-08-17T23:51:57.640+07:00 DEBUG 688 --- [foodx-ai-test] [nio-8080-exec-3] org.hibernate.SQL                        : select i1_0.recipe_id,i1_0.id,i1_0.ingredient_id,i1_0.note,i1_0.quantity,i1_0.unit from recipe_ingredients i1_0 where i1_0.recipe_id=?
2026-08-17T23:51:57.641+07:00 DEBUG 688 --- [foodx-ai-test] [nio-8080-exec-3] org.hibernate.SQL                        : select i1_0.recipe_id,i1_0.id,i1_0.ingredient_id,i1_0.note,i1_0.quantity,i1_0.unit from recipe_ingredients i1_0 where i1_0.recipe_id=?
2026-08-17T23:51:57.642+07:00 DEBUG 688 --- [foodx-ai-test] [nio-8080-exec-3] org.hibernate.SQL                        : select i1_0.recipe_id,i1_0.id,i1_0.ingredient_id,i1_0.note,i1_0.quantity,i1_0.unit from recipe_ingredients i1_0 where i1_0.recipe_id=?
2026-08-17T23:51:57.642+07:00 DEBUG 688 --- [foodx-ai-test] [nio-8080-exec-3] org.hibernate.SQL                        : select i1_0.recipe_id,i1_0.id,i1_0.ingredient_id,i1_0.note,i1_0.quantity,i1_0.unit from recipe_ingredients i1_0 where i1_0.recipe_id=?
2026-08-17T23:51:57.643+07:00 DEBUG 688 --- [foodx-ai-test] [nio-8080-exec-3] org.hibernate.SQL                        : select i1_0.recipe_id,i1_0.id,i1_0.ingredient_id,i1_0.note,i1_0.quantity,i1_0.unit from recipe_ingredients i1_0 where i1_0.recipe_id=?
2026-08-17T23:51:57.643+07:00 DEBUG 688 --- [foodx-ai-test] [nio-8080-exec-3] org.hibernate.SQL                        : select i1_0.recipe_id,i1_0.id,i1_0.ingredient_id,i1_0.note,i1_0.quantity,i1_0.unit from recipe_ingredients i1_0 where i1_0.recipe_id=?
2026-08-17T23:52:01.170+07:00 DEBUG 688 --- [foodx-ai-test] [nio-8080-exec-8] org.hibernate.SQL                        : select r1_0.id,r1_0.author_id,r1_0.carb,r1_0.category,r1_0.cook_time,r1_0.created_at,r1_0.cuisine,r1_0.description,r1_0.difficulty,r1_0.fat,r1_0.image_url,r1_0.instructions,r1_0.kcal,r1_0.meal_slots,r1_0.prep_time,r1_0.protein,r1_0.servings,r1_0.source_url,r1_0.title,r1_0.updated_at from recipes r1_0 where r1_0.id=?
2026-08-17T23:52:01.172+07:00 DEBUG 688 --- [foodx-ai-test] [nio-8080-exec-8] org.hibernate.SQL                        : select i1_0.recipe_id,i1_0.id,i1_0.ingredient_id,i1_0.note,i1_0.quantity,i1_0.unit from recipe_ingredients i1_0 where i1_0.recipe_id=?
^C